INFO:root:python writen by deepak = Wed Feb  5 22:59:39 2020 
INFO:root:dada writen by test2 = Wed Feb  5 23:01:26 2020 
